
> disaster-intelligence-backend@0.0.0 dev
> tsx server.ts

Disaster Intelligence Platform API listening on port 5000
[scheduler] started: ingest 15min · reconcile 60min · lifecycle 30min · notifications 5min · embeddings 360min · past-discovery 720min
[scheduler] embedding: COMPLETED created=0 updated=0
[scheduler] lifecycle: COMPLETED created=0 updated=3
[scheduler] reconciliation: COMPLETED created=0 updated=84
[scheduler] past_discovery: COMPLETED created=3 updated=0
[scheduler] notification: COMPLETED created=0 updated=0
[scheduler] ingestion: PARTIAL created=1 updated=0
[scheduler] notification: COMPLETED created=0 updated=0
[scheduler] notification: COMPLETED created=0 updated=0
[scheduler] notification: COMPLETED created=0 updated=0
[scheduler] ingestion: PARTIAL created=2 updated=0
[scheduler] notification: COMPLETED created=0 updated=0
[scheduler] notification: COMPLETED created=0 updated=0
[scheduler] lifecycle: COMPLETED created=0 updated=3
[scheduler] notification: COMPLETED created=0 updated=0
[scheduler] ingestion: PARTIAL created=1 updated=0
[scheduler] notification: COMPLETED created=0 updated=0
[scheduler] notification: COMPLETED created=0 updated=0
[scheduler] notification: COMPLETED created=0 updated=0
[scheduler] ingestion: PARTIAL created=0 updated=1
[scheduler] notification: COMPLETED created=0 updated=0
[scheduler] notification: COMPLETED created=0 updated=0
[scheduler] lifecycle: COMPLETED created=0 updated=1
[scheduler] reconciliation: COMPLETED created=0 updated=88
[scheduler] notification: COMPLETED created=0 updated=0
[scheduler] ingestion: PARTIAL created=1 updated=1
[scheduler] notification: COMPLETED created=0 updated=0
[scheduler] notification: COMPLETED created=0 updated=0
[scheduler] notification: COMPLETED created=0 updated=0
[scheduler] ingestion: PARTIAL created=2 updated=3
[scheduler] notification: COMPLETED created=0 updated=0
[scheduler] notification: COMPLETED created=0 updated=0
[scheduler] lifecycle: COMPLETED created=0 updated=4
[scheduler] notification: COMPLETED created=0 updated=0
[scheduler] ingestion: PARTIAL created=2 updated=0
[scheduler] notification: COMPLETED created=0 updated=0
[scheduler] notification: COMPLETED created=0 updated=0
